// Jest Snapshot v1, https://goo.gl/fbAQLP

exports[`FirstApp should match snapshot 1`] = `
<div>
  <h1>
    Hola, soy Goku
  </h1>
  <p />
  <p />
</div>
`;
